[2026-09-18 10:08:53] [Client thread/INFO] [CustomSkinLoader Core]: CustomSkinLoader 15.0.1
[2026-09-18 10:08:53] [Client thread/INFO] [CustomSkinLoader Core]: DataDir: /home/tool/.local/share/PolyMC/instances/cleanroom-0.6.10-alpha/.minecraft/CustomSkinLoader
[2026-09-18 10:08:53] [Client thread/INFO] [CustomSkinLoader Core]: Operating System: Linux (amd64) version 5.15.0-190-generic
[2026-09-18 10:08:53] [Client thread/INFO] [CustomSkinLoader Core]: Java Version: 25.0.4, Ubuntu
[2026-09-18 10:08:53] [Client thread/INFO] [CustomSkinLoader Core]: Java VM Version: OpenJDK 64-Bit Server VM (mixed mode, sharing), Ubuntu
[2026-09-18 10:08:53] [Client thread/INFO] [CustomSkinLoader Core]: Minecraft: 1.12.2
[2026-09-18 10:08:53] [Client thread/INFO] [CustomSkinLoader Core]: Config File: /home/tool/.local/share/PolyMC/instances/cleanroom-0.6.10-alpha/.minecraft/CustomSkinLoader/CustomSkinLoader.json
[2026-09-18 10:08:53] [Client thread/INFO] [CustomSkinLoader Core]: Try to load config.
[2026-09-18 10:08:53] [Client thread/INFO] [CustomSkinLoader Core]: Successfully load config.
[2026-09-18 10:08:53] [Client thread/INFO] [CustomSkinLoader Core]: Add a profile loader: GameProfile
[2026-09-18 10:08:53] [Client thread/INFO] [CustomSkinLoader Core]: Add a profile loader: MojangAPI
[2026-09-18 10:08:53] [Client thread/INFO] [CustomSkinLoader Core]: Add a profile loader: Legacy
[2026-09-18 10:08:53] [Client thread/INFO] [CustomSkinLoader Core]: Add a profile loader: CustomSkinAPI
[2026-09-18 10:08:53] [Client thread/INFO] [CustomSkinLoader Core]: Add a profile loader: CustomSkinAPIPlus
[2026-09-18 10:08:53] [Client thread/INFO] [CustomSkinLoader Core]: Add a profile loader: UniSkinAPI
[2026-09-18 10:08:53] [Client thread/INFO] [CustomSkinLoader Core]: Add a profile loader: ElyByAPI
[2026-09-18 10:08:53] [Client thread/INFO] [CustomSkinLoader Core]: Add a profile loader: MinecraftCapesAPI
[2026-09-18 10:08:53] [Client thread/INFO] [CustomSkinLoader Core]: Add a profile loader: WynntilsAPI
[2026-09-18 10:08:53] [Client thread/INFO] [CustomSkinLoader Core]: Successfully update config.
[2026-09-18 10:08:53] [Client thread/INFO] [CustomSkinLoader Core]: version : 15.0.1
[2026-09-18 10:08:53] [Client thread/INFO] [CustomSkinLoader Core]: buildNumber : 40
[2026-09-18 10:08:53] [Client thread/INFO] [CustomSkinLoader Core]: loadlist : [{ "name": "GameProfile", "type": "GameProfile" }, { "name": "Mojang", "type": "MojangAPI", "apiRoot": "https://api.mojang.com/", "sessionRoot": "https://sessionserver.mojang.com/" }, { "name": "LittleSkin", "type": "CustomSkinAPI", "root": "https://littleskin.cn/csl/" }, { "name": "BlessingSkin", "type": "CustomSkinAPI", "root": "https://skin.prinzeugen.net/" }, { "name": "ElyBy", "type": "ElyByAPI", "root": "http://skinsystem.ely.by/textures/" }, { "name": "SkinMe", "type": "UniSkinAPI", "root": "http://www.skinme.cc/uniskin/" }, { "name": "TLauncher", "type": "ElyByAPI", "root": "https://auth.tlauncher.org/skin/profile/texture/login/" }, { "name": "GlitchlessGames", "type": "ElyByAPI", "root": "https://games.glitchless.ru/api/minecraft/users/profiles/textures/?nickname=" }, { "name": "LocalSkin", "type": "Legacy", "checkPNG": "false", "skin": "LocalSkin/skins/{USERNAME}.png", "model": "auto", "cape": "LocalSkin/capes/{USERNAME}.png", "elytra": "LocalSkin/elytras/{USERNAME}.png" }, { "name": "MinecraftCapes", "type": "MinecraftCapesAPI", "root": "https://api.minecraftcapes.net/profile/" }, { "name": "OptiFine", "type": "Legacy", "checkPNG": "false", "model": "auto", "cape": "https://optifine.net/capes/{USERNAME}.png" }, { "name": "Wynntils", "type": "WynntilsAPI", "root": "https://athena.wynntils.com/user/getInfo" }]
[2026-09-18 10:08:53] [Client thread/INFO] [CustomSkinLoader Core]: enableTransparentSkin : true
[2026-09-18 10:08:53] [Client thread/INFO] [CustomSkinLoader Core]: forceLoadAllTextures : true
[2026-09-18 10:08:53] [Client thread/INFO] [CustomSkinLoader Core]: enableCape : false
[2026-09-18 10:08:53] [Client thread/INFO] [CustomSkinLoader Core]: threadPoolSize : 8
[2026-09-18 10:08:53] [Client thread/INFO] [CustomSkinLoader Core]: enableLogStdOut : false
[2026-09-18 10:08:53] [Client thread/INFO] [CustomSkinLoader Core]: cacheExpiry : 30
[2026-09-18 10:08:53] [Client thread/INFO] [CustomSkinLoader Core]: forceUpdateSkull : false
[2026-09-18 10:08:53] [Client thread/INFO] [CustomSkinLoader Core]: enableLocalProfileCache : false
[2026-09-18 10:08:53] [Client thread/INFO] [CustomSkinLoader Core]: enableCacheAutoClean : false
[2026-09-18 10:08:53] [Client thread/INFO] [CustomSkinLoader Core]: forceDisableCache : false
[2026-09-18 10:08:53] [Bettername <a6578ea3-25c4-4b3d-b040-90b563a4b76c>/INFO] [CustomSkinLoader Core]: Loading Bettername's profile.
[2026-09-18 10:08:53] [Bettername <a6578ea3-25c4-4b3d-b040-90b563a4b76c>/INFO] [CustomSkinLoader Core]: 1/12 Try to load profile from 'GameProfile'.
[2026-09-18 10:08:53] [Bettername <a6578ea3-25c4-4b3d-b040-90b563a4b76c>/INFO] [CustomSkinLoader Core]: 2/12 Try to load profile from 'Mojang'.
[2026-09-18 10:08:53] [Bettername <a6578ea3-25c4-4b3d-b040-90b563a4b76c>/INFO] [CustomSkinLoader Core]: 3/12 Try to load profile from 'LittleSkin'.
[2026-09-18 10:08:53] [Bettername <a6578ea3-25c4-4b3d-b040-90b563a4b76c>/INFO] [CustomSkinLoader Core]: 4/12 Try to load profile from 'BlessingSkin'.
[2026-09-18 10:08:53] [Bettername <a6578ea3-25c4-4b3d-b040-90b563a4b76c>/INFO] [CustomSkinLoader Core]: 5/12 Try to load profile from 'ElyBy'.
[2026-09-18 10:08:53] [Bettername <a6578ea3-25c4-4b3d-b040-90b563a4b76c>/INFO] [CustomSkinLoader Core]: 6/12 Try to load profile from 'SkinMe'.
[2026-09-18 10:08:53] [Bettername <a6578ea3-25c4-4b3d-b040-90b563a4b76c>/INFO] [CustomSkinLoader Core]: 7/12 Try to load profile from 'TLauncher'.
[2026-09-18 10:08:53] [Bettername <a6578ea3-25c4-4b3d-b040-90b563a4b76c>/INFO] [CustomSkinLoader Core]: 8/12 Try to load profile from 'GlitchlessGames'.
[2026-09-18 10:08:53] [Bettername <a6578ea3-25c4-4b3d-b040-90b563a4b76c>/INFO] [CustomSkinLoader Core]: 9/12 Try to load profile from 'LocalSkin'.
[2026-09-18 10:08:53] [Bettername <a6578ea3-25c4-4b3d-b040-90b563a4b76c>/INFO] [CustomSkinLoader Core]: 10/12 Try to load profile from 'MinecraftCapes'.
[2026-09-18 10:08:53] [Bettername <a6578ea3-25c4-4b3d-b040-90b563a4b76c>/INFO] [CustomSkinLoader Core]: 11/12 Try to load profile from 'OptiFine'.
[2026-09-18 10:08:53] [Bettername <a6578ea3-25c4-4b3d-b040-90b563a4b76c>/INFO] [CustomSkinLoader Core]: 12/12 Try to load profile from 'Wynntils'.
[2026-09-18 10:08:53] [Bettername <a6578ea3-25c4-4b3d-b040-90b563a4b76c> (GameProfile)/INFO] [CustomSkinLoader Core]: Profile not found.
[2026-09-18 10:08:53] [Bettername <a6578ea3-25c4-4b3d-b040-90b563a4b76c> (BlessingSkin)/DEBUG] [CustomSkinLoader Core]: Try to request 'https://skin.prinzeugen.net/Bettername.json'.
[2026-09-18 10:08:53] [Bettername <a6578ea3-25c4-4b3d-b040-90b563a4b76c> (Mojang)/DEBUG] [CustomSkinLoader Core]: Try to request 'https://api.mojang.com/profiles/minecraft'.
[2026-09-18 10:08:53] [Bettername <a6578ea3-25c4-4b3d-b040-90b563a4b76c> (GlitchlessGames)/DEBUG] [CustomSkinLoader Core]: Try to request 'https://games.glitchless.ru/api/minecraft/users/profiles/textures/?nickname=Bettername'.
[2026-09-18 10:08:53] [Bettername <a6578ea3-25c4-4b3d-b040-90b563a4b76c> (ElyBy)/DEBUG] [CustomSkinLoader Core]: Try to request 'http://skinsystem.ely.by/textures/Bettername'.
[2026-09-18 10:08:53] [Bettername <a6578ea3-25c4-4b3d-b040-90b563a4b76c> (LittleSkin)/DEBUG] [CustomSkinLoader Core]: Try to request 'https://littleskin.cn/csl/Bettername.json'.
[2026-09-18 10:08:53] [Bettername <a6578ea3-25c4-4b3d-b040-90b563a4b76c> (SkinMe)/DEBUG] [CustomSkinLoader Core]: Try to request 'http://www.skinme.cc/uniskin/Bettername.json'.
[2026-09-18 10:08:53] [Bettername <a6578ea3-25c4-4b3d-b040-90b563a4b76c> (Mojang)/INFO] [CustomSkinLoader Core]: Payload: ["Bettername"]
[2026-09-18 10:08:53] [Bettername <a6578ea3-25c4-4b3d-b040-90b563a4b76c> (TLauncher)/DEBUG] [CustomSkinLoader Core]: Try to request 'https://auth.tlauncher.org/skin/profile/texture/login/Bettername'.
[2026-09-18 10:08:54] [Bettername <a6578ea3-25c4-4b3d-b040-90b563a4b76c> (OptiFine)/DEBUG] [CustomSkinLoader Core]: Try to request 'https://optifine.net/capes/Bettername.png'.
[2026-09-18 10:08:54] [Bettername <a6578ea3-25c4-4b3d-b040-90b563a4b76c> (BlessingSkin)/DEBUG] [CustomSkinLoader Core]: Failed to request (Response Code: 404)
[2026-09-18 10:08:54] [Bettername <a6578ea3-25c4-4b3d-b040-90b563a4b76c> (BlessingSkin)/INFO] [CustomSkinLoader Core]: Profile not found.
[2026-09-18 10:08:54] [Bettername <a6578ea3-25c4-4b3d-b040-90b563a4b76c> (LittleSkin)/DEBUG] [CustomSkinLoader Core]: Successfully request (Response Code: 200 , Content Length: 2)
[2026-09-18 10:08:54] [Bettername <a6578ea3-25c4-4b3d-b040-90b563a4b76c> (LittleSkin)/DEBUG] [CustomSkinLoader Core]: Saved to cache (Length: 2 , Path: '/home/tool/.local/share/PolyMC/instances/cleanroom-0.6.10-alpha/.minecraft/CustomSkinLoader/caches/2d6cd40ed037aa28599c1ed2738f9b86cbbcd6fc' , Expire: 1789751427)
[2026-09-18 10:08:54] [Bettername <a6578ea3-25c4-4b3d-b040-90b563a4b76c> (LittleSkin)/DEBUG] [CustomSkinLoader Core]: Content: {}
[2026-09-18 10:08:54] [Bettername <a6578ea3-25c4-4b3d-b040-90b563a4b76c> (LittleSkin)/INFO] [CustomSkinLoader Core]: Both skin and cape not found.
[2026-09-18 10:08:54] [Bettername <a6578ea3-25c4-4b3d-b040-90b563a4b76c> (TLauncher)/DEBUG] [CustomSkinLoader Core]: Successfully request (Response Code: 200 , Content Length: -1)
[2026-09-18 10:08:54] [Bettername <a6578ea3-25c4-4b3d-b040-90b563a4b76c> (TLauncher)/DEBUG] [CustomSkinLoader Core]: Saved to cache (Length: 87 , Path: '/home/tool/.local/share/PolyMC/instances/cleanroom-0.6.10-alpha/.minecraft/CustomSkinLoader/caches/2b7d94259adf9f4eb8400fc884ee3368377e6da3' , Expire: 1789751425)
[2026-09-18 10:08:54] [Bettername <a6578ea3-25c4-4b3d-b040-90b563a4b76c> (TLauncher)/DEBUG] [CustomSkinLoader Core]: Content: {"SKIN":{"url":"http://auth.tlauncher.org/skin/fileservice/skins/skin_bettername.png"}}
[2026-09-18 10:08:54] [Bettername <a6578ea3-25c4-4b3d-b040-90b563a4b76c> (OptiFine)/DEBUG] [CustomSkinLoader Core]: Failed to request (Response Code: 404)
[2026-09-18 10:08:54] [Bettername <a6578ea3-25c4-4b3d-b040-90b563a4b76c> (OptiFine)/INFO] [CustomSkinLoader Core]: No texture could be found.
[2026-09-18 10:08:54] [Bettername <a6578ea3-25c4-4b3d-b040-90b563a4b76c> (Mojang)/DEBUG] [CustomSkinLoader Core]: Successfully request (Response Code: 200 , Content Length: 76)
[2026-09-18 10:08:54] [Bettername <a6578ea3-25c4-4b3d-b040-90b563a4b76c> (Mojang)/DEBUG] [CustomSkinLoader Core]: Content: [ {
  "id" : "443390abf2444ebb8f351eeb4f0546e2",
  "name" : "Bettername"
} ]
[2026-09-18 10:08:54] [Bettername <a6578ea3-25c4-4b3d-b040-90b563a4b76c> (Mojang)/DEBUG] [CustomSkinLoader Core]: Try to request 'https://sessionserver.mojang.com/session/minecraft/profile/443390abf2444ebb8f351eeb4f0546e2'.
[2026-09-18 10:08:54] [Bettername <a6578ea3-25c4-4b3d-b040-90b563a4b76c> (MinecraftCapes)/DEBUG] [CustomSkinLoader Core]: Try to request 'https://api.minecraftcapes.net/profile/443390abf2444ebb8f351eeb4f0546e2'.
[2026-09-18 10:08:54] [Bettername <a6578ea3-25c4-4b3d-b040-90b563a4b76c> (Wynntils)/DEBUG] [CustomSkinLoader Core]: Try to request 'https://athena.wynntils.com/user/getInfo'.
[2026-09-18 10:08:54] [Bettername <a6578ea3-25c4-4b3d-b040-90b563a4b76c> (Wynntils)/INFO] [CustomSkinLoader Core]: Payload: {"uuid":"443390ab-f244-4ebb-8f35-1eeb4f0546e2"}
[2026-09-18 10:08:54] [Bettername <a6578ea3-25c4-4b3d-b040-90b563a4b76c> (MinecraftCapes)/DEBUG] [CustomSkinLoader Core]: Successfully request (Response Code: 304 , Content Length: -1)
[2026-09-18 10:08:54] [Bettername <a6578ea3-25c4-4b3d-b040-90b563a4b76c> (MinecraftCapes)/DEBUG] [CustomSkinLoader Core]: Cache file found (Length: 241 , Path: '/home/tool/.local/share/PolyMC/instances/cleanroom-0.6.10-alpha/.minecraft/CustomSkinLoader/caches/f212c980b7f7e509cbf00c68045a267446b88a83' , Expire: 0)
[2026-09-18 10:08:54] [Bettername <a6578ea3-25c4-4b3d-b040-90b563a4b76c> (MinecraftCapes)/INFO] [CustomSkinLoader Core]: Try to load from cache '/home/tool/.local/share/PolyMC/instances/cleanroom-0.6.10-alpha/.minecraft/CustomSkinLoader/caches/f212c980b7f7e509cbf00c68045a267446b88a83'.
[2026-09-18 10:08:54] [Bettername <a6578ea3-25c4-4b3d-b040-90b563a4b76c> (MinecraftCapes)/DEBUG] [CustomSkinLoader Core]: Successfully load from cache
[2026-09-18 10:08:54] [Bettername <a6578ea3-25c4-4b3d-b040-90b563a4b76c> (MinecraftCapes)/DEBUG] [CustomSkinLoader Core]: Content: {"animatedCape":false,"capeGlint":false,"upsideDown":false,"animated_cape_url":null,"cape_url":null,"ear_url":null,"textures":{"_IMPORTANT":"We are removing base64 textures, please use the above parameters instead.","cape":null,"ears":null}}
[2026-09-18 10:08:54] [Bettername <a6578ea3-25c4-4b3d-b040-90b563a4b76c> (MinecraftCapes)/INFO] [CustomSkinLoader Core]: Both skin and cape not found.
[2026-09-18 10:08:54] [Bettername <a6578ea3-25c4-4b3d-b040-90b563a4b76c> (ElyBy)/DEBUG] [CustomSkinLoader Core]: Failed to request (Response Code: 500)
[2026-09-18 10:08:54] [Bettername <a6578ea3-25c4-4b3d-b040-90b563a4b76c> (ElyBy)/INFO] [CustomSkinLoader Core]: Profile not found.
[2026-09-18 10:08:54] [Bettername <a6578ea3-25c4-4b3d-b040-90b563a4b76c> (GlitchlessGames)/DEBUG] [CustomSkinLoader Core]: Failed to request (Response Code: 404)
[2026-09-18 10:08:54] [Bettername <a6578ea3-25c4-4b3d-b040-90b563a4b76c> (GlitchlessGames)/INFO] [CustomSkinLoader Core]: Profile not found.
[2026-09-18 10:08:54] [Bettername <a6578ea3-25c4-4b3d-b040-90b563a4b76c> (Mojang)/DEBUG] [CustomSkinLoader Core]: Successfully request (Response Code: 200 , Content Length: 540)
[2026-09-18 10:08:54] [Bettername <a6578ea3-25c4-4b3d-b040-90b563a4b76c> (Mojang)/DEBUG] [CustomSkinLoader Core]: Saved to cache (Length: 540 , Path: '/home/tool/.local/share/PolyMC/instances/cleanroom-0.6.10-alpha/.minecraft/CustomSkinLoader/caches/071a0a1939d1a3163411778e77025dc88b432350' , Expire: 1789751354)
[2026-09-18 10:08:54] [Bettername <a6578ea3-25c4-4b3d-b040-90b563a4b76c> (Mojang)/DEBUG] [CustomSkinLoader Core]: Content: {
  "id" : "443390abf2444ebb8f351eeb4f0546e2",
  "name" : "Bettername",
  "properties" : [ {
    "name" : "textures",
    "value" : "ewogICJ0aW1lc3RhbXAiIDogMTc4OTc1MTMzNDY4OCwKICAicHJvZmlsZUlkIiA6ICI0NDMzOTBhYmYyNDQ0ZWJiOGYzNTFlZWI0ZjA1NDZlMiIsCiAgInByb2ZpbGVOYW1lIiA6ICJCZXR0ZXJuYW1lIiwKICAidGV4dHVyZXMiIDogewogICAgIlNLSU4iIDogewogICAgICAidXJsIiA6ICJodHRwOi8vdGV4dHVyZXMubWluZWNyYWZ0Lm5ldC90ZXh0dXJlLzRiOWRlNmVmOWU2YzhhZWNlYThmYmEzNTE2ZDViODI0N2I1ZWJjMWY4YjdiOWZmNzExYjA5ODRlYWVmZWY3ZWMiCiAgICB9CiAgfQp9"
  } ],
  "profileActions" : [ ]
}
[2026-09-18 10:08:54] [Bettername <a6578ea3-25c4-4b3d-b040-90b563a4b76c> (Wynntils)/DEBUG] [CustomSkinLoader Core]: Failed to request (Response Code: 403)
[2026-09-18 10:08:54] [Bettername <a6578ea3-25c4-4b3d-b040-90b563a4b76c> (Wynntils)/INFO] [CustomSkinLoader Core]: Profile not found.
[2026-09-18 10:08:55] [Bettername <a6578ea3-25c4-4b3d-b040-90b563a4b76c> (SkinMe)/DEBUG] [CustomSkinLoader Core]: Failed to request http://www.skinme.cc/uniskin/Bettername.json (Exception: java.net.UnknownHostException: www.skinme.cc)
[2026-09-18 10:08:55] [Bettername <a6578ea3-25c4-4b3d-b040-90b563a4b76c> (SkinMe)/INFO] [CustomSkinLoader Core]: Profile not found.
[2026-09-18 10:08:55] [Bettername <a6578ea3-25c4-4b3d-b040-90b563a4b76c>/INFO] [CustomSkinLoader Core]: Bettername's profile loaded. (1781ms)
[2026-09-18 10:08:55] [Bettername <a6578ea3-25c4-4b3d-b040-90b563a4b76c>/INFO] [CustomSkinLoader Core]: (SkinUrl: http://textures.minecraft.net/texture/4b9de6ef9e6c8aecea8fba3516d5b8247b5ebc1f8b7b9ff711b0984eaefef7ec , Model: default , CapeUrl: null  , Expiry: 1789751365)
